0 verbose cli /data/data/com.termux/files/usr/bin/node /data/data/com.termux/files/usr/bin/npm
1 info using npm@11.15.0
2 info using node@v26.1.0
3 silly config load:file:/data/data/com.termux/files/usr/lib/node_modules/npm/npmrc
4 silly config load:file:/data/data/com.termux/files/home/devclin-wa-standalone/.npmrc
5 silly config load:file:/data/data/com.termux/files/home/.npmrc
6 silly config load:file:/data/data/com.termux/files/usr/etc/npmrc
7 verbose title npm install
8 verbose argv "install"
9 verbose logfile logs-max:10 dir:/data/data/com.termux/files/home/.npm/_logs/2026-05-25T04_00_45_272Z-
10 verbose logfile /data/data/com.termux/files/home/.npm/_logs/2026-05-25T04_00_45_272Z-debug-0.log
11 silly logfile done cleaning log files
12 silly packumentCache heap:1071644672 maxSize:267911168 maxEntrySize:133955584
13 silly idealTree buildDeps
14 silly fetch manifest better-sqlite3@^9.4.3
15 silly packumentCache full:https://registry.npmjs.org/better-sqlite3 cache-miss
16 http fetch GET 200 https://registry.npmjs.org/better-sqlite3 2687ms (cache miss)
17 silly packumentCache full:https://registry.npmjs.org/better-sqlite3 set size:undefined disposed:false
18 silly fetch manifest express@^4.18.3
19 silly packumentCache full:https://registry.npmjs.org/express cache-miss
20 http fetch GET 200 https://registry.npmjs.org/express 487ms (cache revalidated)
21 silly packumentCache full:https://registry.npmjs.org/express set size:804947 disposed:false
22 silly fetch manifest dotenv@^16.4.5
23 silly packumentCache full:https://registry.npmjs.org/dotenv cache-miss
24 http fetch GET 200 https://registry.npmjs.org/dotenv 500ms (cache revalidated)
25 silly packumentCache full:https://registry.npmjs.org/dotenv set size:277832 disposed:false
26 silly placeDep ROOT better-sqlite3@9.6.0 OK for: devclin-wa-standalone@2.0.0 want: ^9.4.3
27 silly placeDep ROOT dotenv@16.6.1 OK for: devclin-wa-standalone@2.0.0 want: ^16.4.5
28 silly placeDep ROOT express@4.22.2 OK for: devclin-wa-standalone@2.0.0 want: ^4.18.3
29 silly fetch manifest bindings@^1.5.0
30 silly packumentCache full:https://registry.npmjs.org/bindings cache-miss
31 silly fetch manifest prebuild-install@^7.1.1
32 silly packumentCache full:https://registry.npmjs.org/prebuild-install cache-miss
33 silly fetch manifest qs@~6.15.1
34 silly packumentCache full:https://registry.npmjs.org/qs cache-miss
35 silly fetch manifest depd@2.0.0
36 silly packumentCache full:https://registry.npmjs.org/depd cache-miss
37 silly fetch manifest etag@~1.8.1
38 silly packumentCache full:https://registry.npmjs.org/etag cache-miss
39 silly fetch manifest send@~0.19.0
40 silly packumentCache full:https://registry.npmjs.org/send cache-miss
41 silly fetch manifest vary@~1.1.2
42 silly packumentCache full:https://registry.npmjs.org/vary cache-miss
43 http fetch GET 200 https://registry.npmjs.org/bindings 483ms (cache miss)
44 silly packumentCache full:https://registry.npmjs.org/bindings set size:undefined disposed:false
45 silly fetch manifest debug@2.6.9
46 silly packumentCache full:https://registry.npmjs.org/debug cache-miss
47 http fetch GET 200 https://registry.npmjs.org/debug 702ms (cache revalidated)
48 silly packumentCache full:https://registry.npmjs.org/debug set size:195840 disposed:false
49 silly fetch manifest fresh@~0.5.2
50 silly packumentCache full:https://registry.npmjs.org/fresh cache-miss
51 http fetch GET 200 https://registry.npmjs.org/prebuild-install 1749ms (cache revalidated)
52 silly packumentCache full:https://registry.npmjs.org/prebuild-install set size:184615 disposed:false
53 silly fetch manifest cookie@~0.7.1
54 silly packumentCache full:https://registry.npmjs.org/cookie cache-miss
55 http fetch GET 200 https://registry.npmjs.org/fresh 535ms (cache revalidated)
56 silly packumentCache full:https://registry.npmjs.org/fresh set size:25427 disposed:false
57 silly fetch manifest accepts@~1.3.8
58 silly packumentCache full:https://registry.npmjs.org/accepts cache-miss
59 http fetch GET 200 https://registry.npmjs.org/qs 1807ms (cache revalidated)
60 silly packumentCache full:https://registry.npmjs.org/qs set size:356906 disposed:false
61 silly fetch manifest methods@~1.1.2
62 silly packumentCache full:https://registry.npmjs.org/methods cache-miss
63 http fetch GET 200 https://registry.npmjs.org/depd 1921ms (cache revalidated)
64 silly packumentCache full:https://registry.npmjs.org/depd set size:40182 disposed:false
65 silly fetch manifest type-is@~1.6.18
66 silly packumentCache full:https://registry.npmjs.org/type-is cache-miss
67 http fetch GET 200 https://registry.npmjs.org/etag 1945ms (cache revalidated)
68 silly packumentCache full:https://registry.npmjs.org/etag set size:30032 disposed:false
69 silly fetch manifest parseurl@~1.3.3
70 silly packumentCache full:https://registry.npmjs.org/parseurl cache-miss
71 http fetch GET 200 https://registry.npmjs.org/vary 2069ms (cache revalidated)
72 silly packumentCache full:https://registry.npmjs.org/vary set size:15994 disposed:false
73 silly fetch manifest statuses@~2.0.1
74 silly packumentCache full:https://registry.npmjs.org/statuses cache-miss
75 http fetch GET 200 https://registry.npmjs.org/send 2124ms (cache revalidated)
76 silly packumentCache full:https://registry.npmjs.org/send set size:152810 disposed:false
77 silly fetch manifest encodeurl@~2.0.0
78 silly packumentCache full:https://registry.npmjs.org/encodeurl cache-miss
79 http fetch GET 200 https://registry.npmjs.org/accepts 625ms (cache revalidated)
80 silly packumentCache full:https://registry.npmjs.org/accepts set size:77054 disposed:false
81 silly fetch manifest proxy-addr@~2.0.7
82 silly packumentCache full:https://registry.npmjs.org/proxy-addr cache-miss
83 http fetch GET 200 https://registry.npmjs.org/cookie 673ms (cache revalidated)
84 silly packumentCache full:https://registry.npmjs.org/cookie set size:72891 disposed:false
85 silly fetch manifest body-parser@~1.20.5
86 silly packumentCache full:https://registry.npmjs.org/body-parser cache-miss
87 http fetch GET 200 https://registry.npmjs.org/methods 615ms (cache revalidated)
88 silly packumentCache full:https://registry.npmjs.org/methods set size:12600 disposed:false
89 silly fetch manifest escape-html@~1.0.3
90 silly packumentCache full:https://registry.npmjs.org/escape-html cache-miss
91 http fetch GET 200 https://registry.npmjs.org/type-is 587ms (cache revalidated)
92 silly packumentCache full:https://registry.npmjs.org/type-is set size:88614 disposed:false
93 silly fetch manifest http-errors@~2.0.0
94 silly packumentCache full:https://registry.npmjs.org/http-errors cache-miss
95 http fetch GET 200 https://registry.npmjs.org/parseurl 760ms (cache revalidated)
96 silly packumentCache full:https://registry.npmjs.org/parseurl set size:24148 disposed:false
97 silly fetch manifest on-finished@~2.4.1
98 silly packumentCache full:https://registry.npmjs.org/on-finished cache-miss
99 http fetch GET 200 https://registry.npmjs.org/encodeurl 579ms (cache revalidated)
100 silly packumentCache full:https://registry.npmjs.org/encodeurl set size:12296 disposed:false
101 silly fetch manifest safe-buffer@5.2.1
102 silly packumentCache full:https://registry.npmjs.org/safe-buffer cache-miss
103 http fetch GET 200 https://registry.npmjs.org/statuses 670ms (cache revalidated)
104 silly packumentCache full:https://registry.npmjs.org/statuses set size:37117 disposed:false
105 silly fetch manifest utils-merge@1.0.1
106 silly packumentCache full:https://registry.npmjs.org/utils-merge cache-miss
107 http fetch GET 200 https://registry.npmjs.org/http-errors 513ms (cache revalidated)
108 silly packumentCache full:https://registry.npmjs.org/http-errors set size:71987 disposed:false
109 silly fetch manifest content-type@~1.0.4
110 silly packumentCache full:https://registry.npmjs.org/content-type cache-miss
111 http fetch GET 200 https://registry.npmjs.org/escape-html 596ms (cache revalidated)
112 silly packumentCache full:https://registry.npmjs.org/escape-html set size:7345 disposed:false
113 silly fetch manifest finalhandler@~1.3.1
114 silly packumentCache full:https://registry.npmjs.org/finalhandler cache-miss
115 http fetch GET 200 https://registry.npmjs.org/proxy-addr 664ms (cache revalidated)
116 silly packumentCache full:https://registry.npmjs.org/proxy-addr set size:61619 disposed:false
117 silly fetch manifest range-parser@~1.2.1
118 silly packumentCache full:https://registry.npmjs.org/range-parser cache-miss
119 http fetch GET 200 https://registry.npmjs.org/body-parser 659ms (cache revalidated)
120 silly packumentCache full:https://registry.npmjs.org/body-parser set size:199299 disposed:false
121 silly fetch manifest serve-static@~1.16.2
122 silly packumentCache full:https://registry.npmjs.org/serve-static cache-miss
123 http fetch GET 200 https://registry.npmjs.org/on-finished 487ms (cache revalidated)
124 silly packumentCache full:https://registry.npmjs.org/on-finished set size:23212 disposed:false
125 silly fetch manifest array-flatten@1.1.1
126 silly packumentCache full:https://registry.npmjs.org/array-flatten cache-miss
127 http fetch GET 200 https://registry.npmjs.org/safe-buffer 486ms (cache revalidated)
128 silly packumentCache full:https://registry.npmjs.org/safe-buffer set size:41183 disposed:false
129 silly fetch manifest path-to-regexp@~0.1.12
130 silly packumentCache full:https://registry.npmjs.org/path-to-regexp cache-miss
131 http fetch GET 200 https://registry.npmjs.org/utils-merge 545ms (cache revalidated)
132 silly packumentCache full:https://registry.npmjs.org/utils-merge set size:5237 disposed:false
133 silly fetch manifest setprototypeof@1.2.0
134 silly packumentCache full:https://registry.npmjs.org/setprototypeof cache-miss
135 http fetch GET 200 https://registry.npmjs.org/content-type 556ms (cache revalidated)
136 silly packumentCache full:https://registry.npmjs.org/content-type set size:18994 disposed:false
137 silly fetch manifest cookie-signature@~1.0.6
138 silly packumentCache full:https://registry.npmjs.org/cookie-signature cache-miss
139 http fetch GET 200 https://registry.npmjs.org/finalhandler 581ms (cache revalidated)
140 silly packumentCache full:https://registry.npmjs.org/finalhandler set size:79291 disposed:false
141 silly fetch manifest merge-descriptors@1.0.3
142 silly packumentCache full:https://registry.npmjs.org/merge-descriptors cache-miss
143 http fetch GET 200 https://registry.npmjs.org/range-parser 620ms (cache revalidated)
144 silly packumentCache full:https://registry.npmjs.org/range-parser set size:22228 disposed:false
145 silly fetch manifest content-disposition@~0.5.4
146 silly packumentCache full:https://registry.npmjs.org/content-disposition cache-miss
147 http fetch GET 200 https://registry.npmjs.org/serve-static 798ms (cache revalidated)
148 silly packumentCache full:https://registry.npmjs.org/serve-static set size:150391 disposed:false
149 http fetch GET 200 https://registry.npmjs.org/array-flatten 777ms (cache revalidated)
150 silly packumentCache full:https://registry.npmjs.org/array-flatten set size:24005 disposed:false
151 http fetch GET 200 https://registry.npmjs.org/path-to-regexp 775ms (cache revalidated)
152 silly packumentCache full:https://registry.npmjs.org/path-to-regexp set size:216334 disposed:false
153 http fetch GET 200 https://registry.npmjs.org/setprototypeof 732ms (cache revalidated)
154 silly packumentCache full:https://registry.npmjs.org/setprototypeof set size:14532 disposed:false
155 http fetch GET 200 https://registry.npmjs.org/cookie-signature 438ms (cache revalidated)
156 silly packumentCache full:https://registry.npmjs.org/cookie-signature set size:21777 disposed:false
157 http fetch GET 200 https://registry.npmjs.org/merge-descriptors 441ms (cache revalidated)
158 silly packumentCache full:https://registry.npmjs.org/merge-descriptors set size:16527 disposed:false
159 http fetch GET 200 https://registry.npmjs.org/content-disposition 435ms (cache revalidated)
160 silly packumentCache full:https://registry.npmjs.org/content-disposition set size:40258 disposed:false
161 silly placeDep ROOT bindings@1.5.0 OK for: better-sqlite3@9.6.0 want: ^1.5.0
162 silly placeDep ROOT prebuild-install@7.1.3 OK for: better-sqlite3@9.6.0 want: ^7.1.1
163 silly fetch manifest file-uri-to-path@1.0.0
164 silly packumentCache full:https://registry.npmjs.org/file-uri-to-path cache-miss
165 silly fetch manifest rc@^1.2.7
166 silly packumentCache full:https://registry.npmjs.org/rc cache-miss
167 silly fetch manifest pump@^3.0.0
168 silly packumentCache full:https://registry.npmjs.org/pump cache-miss
169 silly fetch manifest tar-fs@^2.0.0
170 silly packumentCache full:https://registry.npmjs.org/tar-fs cache-miss
171 silly fetch manifest minimist@^1.2.3
172 silly packumentCache full:https://registry.npmjs.org/minimist cache-miss
173 silly fetch manifest node-abi@^3.3.0
174 silly packumentCache full:https://registry.npmjs.org/node-abi cache-miss
175 silly fetch manifest simple-get@^4.0.0
176 silly packumentCache full:https://registry.npmjs.org/simple-get cache-miss
177 http fetch GET 200 https://registry.npmjs.org/file-uri-to-path 462ms (cache miss)
178 silly packumentCache full:https://registry.npmjs.org/file-uri-to-path set size:undefined disposed:false
179 silly fetch manifest detect-libc@^2.0.0
180 silly packumentCache full:https://registry.npmjs.org/detect-libc cache-miss
181 http fetch GET 200 https://registry.npmjs.org/simple-get 704ms (cache revalidated)
182 silly packumentCache full:https://registry.npmjs.org/simple-get set size:90014 disposed:false
183 silly fetch manifest tunnel-agent@^0.6.0
184 silly packumentCache full:https://registry.npmjs.org/tunnel-agent cache-miss
185 http fetch GET 200 https://registry.npmjs.org/tar-fs 736ms (cache revalidated)
186 silly packumentCache full:https://registry.npmjs.org/tar-fs set size:122750 disposed:false
187 silly fetch manifest mkdirp-classic@^0.5.3
188 silly packumentCache full:https://registry.npmjs.org/mkdirp-classic cache-miss
189 http fetch GET 200 https://registry.npmjs.org/rc 771ms (cache revalidated)
190 silly packumentCache full:https://registry.npmjs.org/rc set size:70417 disposed:false
191 silly fetch manifest expand-template@^2.0.3
192 silly packumentCache full:https://registry.npmjs.org/expand-template cache-miss
193 http fetch GET 200 https://registry.npmjs.org/minimist 782ms (cache revalidated)
194 silly packumentCache full:https://registry.npmjs.org/minimist set size:77063 disposed:false
195 silly fetch manifest napi-build-utils@^2.0.0
196 silly packumentCache full:https://registry.npmjs.org/napi-build-utils cache-miss
197 http fetch GET 200 https://registry.npmjs.org/pump 809ms (cache revalidated)
198 silly packumentCache full:https://registry.npmjs.org/pump set size:41178 disposed:false
199 silly fetch manifest github-from-package@0.0.0
200 silly packumentCache full:https://registry.npmjs.org/github-from-package cache-miss
201 http fetch GET 200 https://registry.npmjs.org/node-abi 847ms (cache revalidated)
202 silly packumentCache full:https://registry.npmjs.org/node-abi set size:373738 disposed:false
203 http fetch GET 200 https://registry.npmjs.org/detect-libc 438ms (cache revalidated)
204 silly packumentCache full:https://registry.npmjs.org/detect-libc set size:47861 disposed:false
205 http fetch GET 200 https://registry.npmjs.org/mkdirp-classic 702ms (cache revalidated)
206 silly packumentCache full:https://registry.npmjs.org/mkdirp-classic set size:5503 disposed:false
207 http fetch GET 200 https://registry.npmjs.org/expand-template 687ms (cache revalidated)
208 silly packumentCache full:https://registry.npmjs.org/expand-template set size:23203 disposed:false
209 http fetch GET 200 https://registry.npmjs.org/napi-build-utils 678ms (cache revalidated)
210 silly packumentCache full:https://registry.npmjs.org/napi-build-utils set size:13501 disposed:false
211 http fetch GET 200 https://registry.npmjs.org/github-from-package 668ms (cache revalidated)
212 silly packumentCache full:https://registry.npmjs.org/github-from-package set size:3718 disposed:false
213 http fetch GET 200 https://registry.npmjs.org/tunnel-agent 759ms (cache revalidated)
214 silly packumentCache full:https://registry.npmjs.org/tunnel-agent set size:12847 disposed:false
215 silly placeDep ROOT file-uri-to-path@1.0.0 OK for: bindings@1.5.0 want: 1.0.0
216 silly placeDep ROOT accepts@1.3.8 OK for: express@4.22.2 want: ~1.3.8
217 silly placeDep ROOT array-flatten@1.1.1 OK for: express@4.22.2 want: 1.1.1
218 silly placeDep ROOT body-parser@1.20.5 OK for: express@4.22.2 want: ~1.20.5
219 silly placeDep ROOT content-disposition@0.5.4 OK for: express@4.22.2 want: ~0.5.4
220 silly placeDep ROOT content-type@1.0.5 OK for: express@4.22.2 want: ~1.0.4
221 silly placeDep ROOT cookie@0.7.2 OK for: express@4.22.2 want: ~0.7.1
222 silly placeDep ROOT cookie-signature@1.0.7 OK for: express@4.22.2 want: ~1.0.6
223 silly placeDep ROOT debug@2.6.9 OK for: express@4.22.2 want: 2.6.9
224 silly placeDep ROOT depd@2.0.0 OK for: express@4.22.2 want: 2.0.0
225 silly placeDep ROOT encodeurl@2.0.0 OK for: express@4.22.2 want: ~2.0.0
226 silly placeDep ROOT escape-html@1.0.3 OK for: express@4.22.2 want: ~1.0.3
227 silly placeDep ROOT etag@1.8.1 OK for: express@4.22.2 want: ~1.8.1
228 silly placeDep ROOT finalhandler@1.3.2 OK for: express@4.22.2 want: ~1.3.1
229 silly placeDep ROOT fresh@0.5.2 OK for: express@4.22.2 want: ~0.5.2
230 silly placeDep ROOT http-errors@2.0.1 OK for: express@4.22.2 want: ~2.0.0
231 silly placeDep ROOT merge-descriptors@1.0.3 OK for: express@4.22.2 want: 1.0.3
232 silly placeDep ROOT methods@1.1.2 OK for: express@4.22.2 want: ~1.1.2
233 silly placeDep ROOT on-finished@2.4.1 OK for: express@4.22.2 want: ~2.4.1
234 silly placeDep ROOT parseurl@1.3.3 OK for: express@4.22.2 want: ~1.3.3
235 silly placeDep ROOT path-to-regexp@0.1.13 OK for: express@4.22.2 want: ~0.1.12
236 silly placeDep ROOT proxy-addr@2.0.7 OK for: express@4.22.2 want: ~2.0.7
237 silly placeDep ROOT qs@6.15.2 OK for: express@4.22.2 want: ~6.15.1
238 silly placeDep ROOT range-parser@1.2.1 OK for: express@4.22.2 want: ~1.2.1
239 silly placeDep ROOT safe-buffer@5.2.1 OK for: express@4.22.2 want: 5.2.1
240 silly placeDep ROOT send@0.19.2 OK for: express@4.22.2 want: ~0.19.0
241 silly placeDep ROOT serve-static@1.16.3 OK for: express@4.22.2 want: ~1.16.2
242 silly placeDep ROOT setprototypeof@1.2.0 OK for: express@4.22.2 want: 1.2.0
243 silly placeDep ROOT statuses@2.0.2 OK for: express@4.22.2 want: ~2.0.1
244 silly placeDep ROOT type-is@1.6.18 OK for: express@4.22.2 want: ~1.6.18
245 silly placeDep ROOT utils-merge@1.0.1 OK for: express@4.22.2 want: 1.0.1
246 silly placeDep ROOT vary@1.1.2 OK for: express@4.22.2 want: ~1.1.2
247 silly fetch manifest mime-types@~2.1.34
248 silly packumentCache full:https://registry.npmjs.org/mime-types cache-miss
249 silly fetch manifest negotiator@0.6.3
250 silly packumentCache full:https://registry.npmjs.org/negotiator cache-miss
251 silly fetch manifest bytes@~3.1.2
252 silly packumentCache full:https://registry.npmjs.org/bytes cache-miss
253 silly fetch manifest content-type@~1.0.5
254 silly packumentCache full:https://registry.npmjs.org/content-type cache-hit
255 silly fetch manifest destroy@~1.2.0
256 silly packumentCache full:https://registry.npmjs.org/destroy cache-miss
257 silly fetch manifest http-errors@~2.0.1
258 silly packumentCache full:https://registry.npmjs.org/http-errors cache-hit
259 silly fetch manifest iconv-lite@~0.4.24
260 silly packumentCache full:https://registry.npmjs.org/iconv-lite cache-miss
261 silly fetch manifest raw-body@~2.5.3
262 silly packumentCache full:https://registry.npmjs.org/raw-body cache-miss
263 silly fetch manifest unpipe@~1.0.0
264 silly packumentCache full:https://registry.npmjs.org/unpipe cache-miss
265 http fetch GET 200 https://registry.npmjs.org/mime-types 440ms (cache revalidated)
266 silly packumentCache full:https://registry.npmjs.org/mime-types set size:139110 disposed:false
267 silly fetch manifest ms@2.0.0
268 silly packumentCache full:https://registry.npmjs.org/ms cache-miss
269 http fetch GET 200 https://registry.npmjs.org/negotiator 475ms (cache revalidated)
270 silly packumentCache full:https://registry.npmjs.org/negotiator set size:48046 disposed:false
271 silly fetch manifest unpipe@~1.0.0
272 silly packumentCache full:https://registry.npmjs.org/unpipe cache-miss
273 http fetch GET 200 https://registry.npmjs.org/iconv-lite 468ms (cache revalidated)
274 silly packumentCache full:https://registry.npmjs.org/iconv-lite set size:120557 disposed:false
275 silly fetch manifest statuses@~2.0.2
276 silly packumentCache full:https://registry.npmjs.org/statuses cache-hit
277 silly fetch manifest inherits@~2.0.4
278 silly packumentCache full:https://registry.npmjs.org/inherits cache-miss
279 http fetch GET 200 https://registry.npmjs.org/destroy 513ms (cache revalidated)
280 silly packumentCache full:https://registry.npmjs.org/destroy set size:15738 disposed:false
281 silly fetch manifest setprototypeof@~1.2.0
282 silly packumentCache full:https://registry.npmjs.org/setprototypeof cache-hit
283 silly fetch manifest toidentifier@~1.0.1
284 silly packumentCache full:https://registry.npmjs.org/toidentifier cache-miss
285 http fetch GET 200 https://registry.npmjs.org/bytes 656ms (cache revalidated)
286 silly packumentCache full:https://registry.npmjs.org/bytes set size:37018 disposed:false
287 silly fetch manifest ee-first@1.1.1
288 silly packumentCache full:https://registry.npmjs.org/ee-first cache-miss
289 http fetch GET 200 https://registry.npmjs.org/raw-body 677ms (cache revalidated)
290 silly packumentCache full:https://registry.npmjs.org/raw-body set size:117822 disposed:false
291 silly fetch manifest forwarded@0.2.0
292 silly packumentCache full:https://registry.npmjs.org/forwarded cache-miss
293 http fetch GET 200 https://registry.npmjs.org/unpipe 697ms (cache revalidated)
294 silly packumentCache full:https://registry.npmjs.org/unpipe set size:3609 disposed:false
295 silly fetch manifest ipaddr.js@1.9.1
296 silly packumentCache full:https://registry.npmjs.org/ipaddr.js cache-miss
297 http fetch GET 200 https://registry.npmjs.org/ms 439ms (cache revalidated)
298 silly packumentCache full:https://registry.npmjs.org/ms set size:92208 disposed:false
299 silly fetch manifest side-channel@^1.1.0
300 silly packumentCache full:https://registry.npmjs.org/side-channel cache-miss
301 http fetch GET 200 https://registry.npmjs.org/unpipe 475ms (cache revalidated)
302 silly packumentCache full:https://registry.npmjs.org/unpipe set size:3609 disposed:false
303 silly packumentCache full:https://registry.npmjs.org/unpipe dispose
304 silly fetch manifest ms@2.1.3
305 silly packumentCache full:https://registry.npmjs.org/ms cache-hit
306 silly fetch manifest mime@1.6.0
307 silly packumentCache full:https://registry.npmjs.org/mime cache-miss
308 http fetch GET 200 https://registry.npmjs.org/inherits 456ms (cache revalidated)
309 silly packumentCache full:https://registry.npmjs.org/inherits set size:12925 disposed:false
310 silly fetch manifest destroy@1.2.0
311 silly packumentCache full:https://registry.npmjs.org/destroy cache-hit
312 silly fetch manifest mime-types@~2.1.24
313 silly packumentCache full:https://registry.npmjs.org/mime-types cache-hit
314 silly fetch manifest media-typer@0.3.0
315 silly packumentCache full:https://registry.npmjs.org/media-typer cache-miss
316 http fetch GET 200 https://registry.npmjs.org/toidentifier 466ms (cache revalidated)
317 silly packumentCache full:https://registry.npmjs.org/toidentifier set size:12006 disposed:false
318 http fetch GET 200 https://registry.npmjs.org/ee-first 642ms (cache revalidated)
319 silly packumentCache full:https://registry.npmjs.org/ee-first set size:15327 disposed:false
320 http fetch GET 200 https://registry.npmjs.org/forwarded 604ms (cache revalidated)
321 silly packumentCache full:https://registry.npmjs.org/forwarded set size:11229 disposed:false
322 http fetch GET 200 https://registry.npmjs.org/ipaddr.js 602ms (cache revalidated)
323 silly packumentCache full:https://registry.npmjs.org/ipaddr.js set size:69563 disposed:false
324 http fetch GET 200 https://registry.npmjs.org/side-channel 443ms (cache revalidated)
325 silly packumentCache full:https://registry.npmjs.org/side-channel set size:24660 disposed:false
326 http fetch GET 200 https://registry.npmjs.org/media-typer 409ms (cache revalidated)
327 silly packumentCache full:https://registry.npmjs.org/media-typer set size:20873 disposed:false
328 http fetch GET 200 https://registry.npmjs.org/mime 447ms (cache revalidated)
329 silly packumentCache full:https://registry.npmjs.org/mime set size:119236 disposed:false
330 silly placeDep ROOT mime-types@2.1.35 OK for: accepts@1.3.8 want: ~2.1.34
331 silly placeDep ROOT negotiator@0.6.3 OK for: accepts@1.3.8 want: 0.6.3
332 silly fetch manifest mime-db@1.52.0
333 silly packumentCache full:https://registry.npmjs.org/mime-db cache-miss
334 http fetch GET 200 https://registry.npmjs.org/mime-db 382ms (cache revalidated)
335 silly packumentCache full:https://registry.npmjs.org/mime-db set size:164953 disposed:false
336 silly placeDep ROOT bytes@3.1.2 OK for: body-parser@1.20.5 want: ~3.1.2
337 silly placeDep ROOT destroy@1.2.0 OK for: body-parser@1.20.5 want: ~1.2.0
338 silly placeDep ROOT iconv-lite@0.4.24 OK for: body-parser@1.20.5 want: ~0.4.24
339 silly placeDep ROOT raw-body@2.5.3 OK for: body-parser@1.20.5 want: ~2.5.3
340 silly placeDep ROOT unpipe@1.0.0 OK for: body-parser@1.20.5 want: ~1.0.0
341 silly fetch manifest safer-buffer@>= 2.1.2 < 3
342 silly packumentCache full:https://registry.npmjs.org/safer-buffer cache-miss
343 http fetch GET 200 https://registry.npmjs.org/safer-buffer 385ms (cache revalidated)
344 silly packumentCache full:https://registry.npmjs.org/safer-buffer set size:18521 disposed:false
345 silly placeDep ROOT ms@2.0.0 OK for: debug@2.6.9 want: 2.0.0
346 silly placeDep ROOT inherits@2.0.4 OK for: http-errors@2.0.1 want: ~2.0.4
347 silly placeDep ROOT toidentifier@1.0.1 OK for: http-errors@2.0.1 want: ~1.0.1
348 silly placeDep ROOT safer-buffer@2.1.2 OK for: iconv-lite@0.4.24 want: >= 2.1.2 < 3
349 silly placeDep ROOT mime-db@1.52.0 OK for: mime-types@2.1.35 want: 1.52.0
350 silly placeDep ROOT ee-first@1.1.1 OK for: on-finished@2.4.1 want: 1.1.1
351 silly placeDep ROOT detect-libc@2.1.2 OK for: prebuild-install@7.1.3 want: ^2.0.0
352 silly placeDep ROOT expand-template@2.0.3 OK for: prebuild-install@7.1.3 want: ^2.0.3
353 silly placeDep ROOT github-from-package@0.0.0 OK for: prebuild-install@7.1.3 want: 0.0.0
354 silly placeDep ROOT minimist@1.2.8 OK for: prebuild-install@7.1.3 want: ^1.2.3
355 silly placeDep ROOT mkdirp-classic@0.5.3 OK for: prebuild-install@7.1.3 want: ^0.5.3
356 silly placeDep ROOT napi-build-utils@2.0.0 OK for: prebuild-install@7.1.3 want: ^2.0.0
357 silly placeDep ROOT node-abi@3.92.0 OK for: prebuild-install@7.1.3 want: ^3.3.0
358 silly placeDep ROOT pump@3.0.4 OK for: prebuild-install@7.1.3 want: ^3.0.0
359 silly placeDep ROOT rc@1.2.8 OK for: prebuild-install@7.1.3 want: ^1.2.7
360 silly placeDep ROOT simple-get@4.0.1 OK for: prebuild-install@7.1.3 want: ^4.0.0
361 silly placeDep ROOT tar-fs@2.1.4 OK for: prebuild-install@7.1.3 want: ^2.0.0
362 silly placeDep ROOT tunnel-agent@0.6.0 OK for: prebuild-install@7.1.3 want: ^0.6.0
363 silly fetch manifest semver@^7.3.5
364 silly packumentCache full:https://registry.npmjs.org/semver cache-miss
365 silly fetch manifest end-of-stream@^1.1.0
366 silly packumentCache full:https://registry.npmjs.org/end-of-stream cache-miss
367 silly fetch manifest once@^1.3.1
368 silly packumentCache full:https://registry.npmjs.org/once cache-miss
369 silly fetch manifest ini@~1.3.0
370 silly packumentCache full:https://registry.npmjs.org/ini cache-miss
371 silly fetch manifest deep-extend@^0.6.0
372 silly packumentCache full:https://registry.npmjs.org/deep-extend cache-miss
373 silly fetch manifest strip-json-comments@~2.0.1
374 silly packumentCache full:https://registry.npmjs.org/strip-json-comments cache-miss
375 silly fetch manifest decompress-response@^6.0.0
376 silly packumentCache full:https://registry.npmjs.org/decompress-response cache-miss
377 http fetch GET 200 https://registry.npmjs.org/end-of-stream 408ms (cache revalidated)
378 silly packumentCache full:https://registry.npmjs.org/end-of-stream set size:27842 disposed:false
379 silly fetch manifest once@^1.3.1
380 silly packumentCache full:https://registry.npmjs.org/once cache-miss
381 http fetch GET 200 https://registry.npmjs.org/semver 430ms (cache revalidated)
382 silly packumentCache full:https://registry.npmjs.org/semver set size:235672 disposed:false
383 silly fetch manifest simple-concat@^1.0.0
384 silly packumentCache full:https://registry.npmjs.org/simple-concat cache-miss
385 http fetch GET 200 https://registry.npmjs.org/once 663ms (cache revalidated)
386 silly packumentCache full:https://registry.npmjs.org/once set size:11752 disposed:false
387 silly fetch manifest chownr@^1.1.1
388 silly packumentCache full:https://registry.npmjs.org/chownr cache-miss
389 http fetch GET 200 https://registry.npmjs.org/deep-extend 669ms (cache revalidated)
390 silly packumentCache full:https://registry.npmjs.org/deep-extend set size:34472 disposed:false
391 silly fetch manifest tar-stream@^2.1.4
392 silly packumentCache full:https://registry.npmjs.org/tar-stream cache-miss
393 http fetch GET 200 https://registry.npmjs.org/decompress-response 678ms (cache revalidated)
394 silly packumentCache full:https://registry.npmjs.org/decompress-response set size:36213 disposed:false
395 http fetch GET 200 https://registry.npmjs.org/ini 699ms (cache revalidated)
396 silly packumentCache full:https://registry.npmjs.org/ini set size:59180 disposed:false
397 http fetch GET 200 https://registry.npmjs.org/strip-json-comments 710ms (cache revalidated)
398 silly packumentCache full:https://registry.npmjs.org/strip-json-comments set size:43569 disposed:false
399 http fetch GET 200 https://registry.npmjs.org/once 589ms (cache revalidated)
400 silly packumentCache full:https://registry.npmjs.org/once set size:11752 disposed:false
401 silly packumentCache full:https://registry.npmjs.org/once dispose
402 http fetch GET 200 https://registry.npmjs.org/simple-concat 560ms (cache revalidated)
403 silly packumentCache full:https://registry.npmjs.org/simple-concat set size:6304 disposed:false
404 http fetch GET 200 https://registry.npmjs.org/tar-stream 473ms (cache revalidated)
405 silly packumentCache full:https://registry.npmjs.org/tar-stream set size:137875 disposed:false
406 http fetch GET 200 https://registry.npmjs.org/chownr 516ms (cache revalidated)
407 silly packumentCache full:https://registry.npmjs.org/chownr set size:22157 disposed:false
408 silly placeDep ROOT semver@7.8.1 OK for: node-abi@3.92.0 want: ^7.3.5
409 silly placeDep ROOT forwarded@0.2.0 OK for: proxy-addr@2.0.7 want: 0.2.0
410 silly placeDep ROOT ipaddr.js@1.9.1 OK for: proxy-addr@2.0.7 want: 1.9.1
411 silly placeDep ROOT end-of-stream@1.4.5 OK for: pump@3.0.4 want: ^1.1.0
412 silly placeDep ROOT once@1.4.0 OK for: pump@3.0.4 want: ^1.3.1
413 silly fetch manifest once@^1.4.0
414 silly packumentCache full:https://registry.npmjs.org/once cache-hit
415 silly fetch manifest wrappy@1
416 silly packumentCache full:https://registry.npmjs.org/wrappy cache-miss
417 http fetch GET 200 https://registry.npmjs.org/wrappy 374ms (cache revalidated)
418 silly packumentCache full:https://registry.npmjs.org/wrappy set size:7682 disposed:false
419 silly placeDep ROOT wrappy@1.0.2 OK for: once@1.4.0 want: 1
420 silly placeDep ROOT side-channel@1.1.0 OK for: qs@6.15.2 want: ^1.1.0
421 silly fetch manifest es-errors@^1.3.0
422 silly packumentCache full:https://registry.npmjs.org/es-errors cache-miss
423 silly fetch manifest object-inspect@^1.13.3
424 silly packumentCache full:https://registry.npmjs.org/object-inspect cache-miss
425 silly fetch manifest side-channel-list@^1.0.0
426 silly packumentCache full:https://registry.npmjs.org/side-channel-list cache-miss
427 silly fetch manifest side-channel-map@^1.0.1
428 silly packumentCache full:https://registry.npmjs.org/side-channel-map cache-miss
429 silly fetch manifest side-channel-weakmap@^1.0.2
430 silly packumentCache full:https://registry.npmjs.org/side-channel-weakmap cache-miss
431 http fetch GET 200 https://registry.npmjs.org/es-errors 390ms (cache revalidated)
432 silly packumentCache full:https://registry.npmjs.org/es-errors set size:16918 disposed:false
433 http fetch GET 200 https://registry.npmjs.org/side-channel-list 430ms (cache revalidated)
434 silly packumentCache full:https://registry.npmjs.org/side-channel-list set size:9021 disposed:false
435 http fetch GET 200 https://registry.npmjs.org/object-inspect 440ms (cache revalidated)
436 silly packumentCache full:https://registry.npmjs.org/object-inspect set size:101912 disposed:false
437 http fetch GET 200 https://registry.npmjs.org/side-channel-map 453ms (cache revalidated)
438 silly packumentCache full:https://registry.npmjs.org/side-channel-map set size:9126 disposed:false
439 http fetch GET 200 https://registry.npmjs.org/side-channel-weakmap 456ms (cache revalidated)
440 silly packumentCache full:https://registry.npmjs.org/side-channel-weakmap set size:12620 disposed:false
441 silly placeDep ROOT deep-extend@0.6.0 OK for: rc@1.2.8 want: ^0.6.0
442 silly placeDep ROOT ini@1.3.8 OK for: rc@1.2.8 want: ~1.3.0
443 silly placeDep ROOT strip-json-comments@2.0.1 OK for: rc@1.2.8 want: ~2.0.1
444 silly placeDep ROOT mime@1.6.0 OK for: send@0.19.2 want: 1.6.0
445 silly placeDep node_modules/send ms@2.1.3 OK for: send@0.19.2 want: 2.1.3
446 silly placeDep ROOT es-errors@1.3.0 OK for: side-channel@1.1.0 want: ^1.3.0
447 silly placeDep ROOT object-inspect@1.13.4 OK for: side-channel@1.1.0 want: ^1.13.3
448 silly placeDep ROOT side-channel-list@1.0.1 OK for: side-channel@1.1.0 want: ^1.0.0
449 silly placeDep ROOT side-channel-map@1.0.1 OK for: side-channel@1.1.0 want: ^1.0.1
450 silly placeDep ROOT side-channel-weakmap@1.0.2 OK for: side-channel@1.1.0 want: ^1.0.2
451 silly fetch manifest call-bound@^1.0.2
452 silly packumentCache full:https://registry.npmjs.org/call-bound cache-miss
453 silly fetch manifest get-intrinsic@^1.2.5
454 silly packumentCache full:https://registry.npmjs.org/get-intrinsic cache-miss
455 silly fetch manifest call-bound@^1.0.2
456 silly packumentCache full:https://registry.npmjs.org/call-bound cache-miss
457 silly fetch manifest get-intrinsic@^1.2.5
458 silly packumentCache full:https://registry.npmjs.org/get-intrinsic cache-miss
459 http fetch GET 200 https://registry.npmjs.org/call-bound 410ms (cache revalidated)
460 silly packumentCache full:https://registry.npmjs.org/call-bound set size:15317 disposed:false
461 http fetch GET 200 https://registry.npmjs.org/call-bound 624ms (cache revalidated)
462 silly packumentCache full:https://registry.npmjs.org/call-bound set size:15317 disposed:false
463 silly packumentCache full:https://registry.npmjs.org/call-bound dispose
464 http fetch GET 200 https://registry.npmjs.org/get-intrinsic 649ms (cache revalidated)
465 silly packumentCache full:https://registry.npmjs.org/get-intrinsic set size:60985 disposed:false
466 http fetch GET 200 https://registry.npmjs.org/get-intrinsic 670ms (cache revalidated)
467 silly packumentCache full:https://registry.npmjs.org/get-intrinsic set size:60985 disposed:false
468 silly packumentCache full:https://registry.npmjs.org/get-intrinsic dispose
469 silly placeDep ROOT call-bound@1.0.4 OK for: side-channel-map@1.0.1 want: ^1.0.2
470 silly placeDep ROOT get-intrinsic@1.3.0 OK for: side-channel-map@1.0.1 want: ^1.2.5
471 silly fetch manifest call-bind-apply-helpers@^1.0.2
472 silly packumentCache full:https://registry.npmjs.org/call-bind-apply-helpers cache-miss
473 silly fetch manifest get-intrinsic@^1.3.0
474 silly packumentCache full:https://registry.npmjs.org/get-intrinsic cache-hit
475 silly fetch manifest gopd@^1.2.0
476 silly packumentCache full:https://registry.npmjs.org/gopd cache-miss
477 silly fetch manifest hasown@^2.0.2
478 silly packumentCache full:https://registry.npmjs.org/hasown cache-miss
479 silly fetch manifest get-proto@^1.0.1
480 silly packumentCache full:https://registry.npmjs.org/get-proto cache-miss
481 silly fetch manifest has-symbols@^1.1.0
482 silly packumentCache full:https://registry.npmjs.org/has-symbols cache-miss
483 silly fetch manifest function-bind@^1.1.2
484 silly packumentCache full:https://registry.npmjs.org/function-bind cache-miss
485 silly fetch manifest es-object-atoms@^1.1.1
486 silly packumentCache full:https://registry.npmjs.org/es-object-atoms cache-miss
487 http fetch GET 200 https://registry.npmjs.org/get-proto 595ms (cache revalidated)
488 silly packumentCache full:https://registry.npmjs.org/get-proto set size:8300 disposed:false
489 silly fetch manifest math-intrinsics@^1.1.0
490 silly packumentCache full:https://registry.npmjs.org/math-intrinsics cache-miss
491 http fetch GET 200 https://registry.npmjs.org/gopd 612ms (cache revalidated)
492 silly packumentCache full:https://registry.npmjs.org/gopd set size:11458 disposed:false
493 silly fetch manifest es-define-property@^1.0.1
494 silly packumentCache full:https://registry.npmjs.org/es-define-property cache-miss
495 http fetch GET 200 https://registry.npmjs.org/call-bind-apply-helpers 629ms (cache revalidated)
496 silly packumentCache full:https://registry.npmjs.org/call-bind-apply-helpers set size:12744 disposed:false
497 http fetch GET 200 https://registry.npmjs.org/function-bind 620ms (cache revalidated)
498 silly packumentCache full:https://registry.npmjs.org/function-bind set size:15733 disposed:false
499 http fetch GET 200 https://registry.npmjs.org/hasown 639ms (cache revalidated)
500 silly packumentCache full:https://registry.npmjs.org/hasown set size:15429 disposed:false
501 http fetch GET 200 https://registry.npmjs.org/has-symbols 642ms (cache revalidated)
502 silly packumentCache full:https://registry.npmjs.org/has-symbols set size:21550 disposed:false
503 http fetch GET 200 https://registry.npmjs.org/es-object-atoms 648ms (cache updated)
504 silly packumentCache full:https://registry.npmjs.org/es-object-atoms set size:undefined disposed:false
505 http fetch GET 200 https://registry.npmjs.org/math-intrinsics 463ms (cache revalidated)
506 silly packumentCache full:https://registry.npmjs.org/math-intrinsics set size:9265 disposed:false
507 http fetch GET 200 https://registry.npmjs.org/es-define-property 462ms (cache revalidated)
508 silly packumentCache full:https://registry.npmjs.org/es-define-property set size:8542 disposed:false
509 silly placeDep ROOT call-bind-apply-helpers@1.0.2 OK for: call-bound@1.0.4 want: ^1.0.2
510 silly placeDep ROOT function-bind@1.1.2 OK for: call-bind-apply-helpers@1.0.2 want: ^1.1.2
511 silly placeDep ROOT es-define-property@1.0.1 OK for: get-intrinsic@1.3.0 want: ^1.0.1
512 silly placeDep ROOT es-object-atoms@1.1.2 OK for: get-intrinsic@1.3.0 want: ^1.1.1
513 silly placeDep ROOT get-proto@1.0.1 OK for: get-intrinsic@1.3.0 want: ^1.0.1
514 silly placeDep ROOT gopd@1.2.0 OK for: get-intrinsic@1.3.0 want: ^1.2.0
515 silly placeDep ROOT has-symbols@1.1.0 OK for: get-intrinsic@1.3.0 want: ^1.1.0
516 silly placeDep ROOT hasown@2.0.3 OK for: get-intrinsic@1.3.0 want: ^2.0.2
517 silly placeDep ROOT math-intrinsics@1.1.0 OK for: get-intrinsic@1.3.0 want: ^1.1.0
518 silly fetch manifest dunder-proto@^1.0.1
519 silly packumentCache full:https://registry.npmjs.org/dunder-proto cache-miss
520 http fetch GET 200 https://registry.npmjs.org/dunder-proto 437ms (cache revalidated)
521 silly packumentCache full:https://registry.npmjs.org/dunder-proto set size:8256 disposed:false
522 silly placeDep ROOT dunder-proto@1.0.1 OK for: get-proto@1.0.1 want: ^1.0.1
523 silly placeDep ROOT decompress-response@6.0.0 OK for: simple-get@4.0.1 want: ^6.0.0
524 silly placeDep ROOT simple-concat@1.0.1 OK for: simple-get@4.0.1 want: ^1.0.0
525 silly fetch manifest mimic-response@^3.1.0
526 silly packumentCache full:https://registry.npmjs.org/mimic-response cache-miss
527 http fetch GET 200 https://registry.npmjs.org/mimic-response 417ms (cache revalidated)
528 silly packumentCache full:https://registry.npmjs.org/mimic-response set size:20174 disposed:false
529 silly placeDep ROOT mimic-response@3.1.0 OK for: decompress-response@6.0.0 want: ^3.1.0
530 silly placeDep ROOT chownr@1.1.4 OK for: tar-fs@2.1.4 want: ^1.1.1
531 silly placeDep ROOT tar-stream@2.2.0 OK for: tar-fs@2.1.4 want: ^2.1.4
532 silly fetch manifest bl@^4.0.3
533 silly packumentCache full:https://registry.npmjs.org/bl cache-miss
534 silly fetch manifest fs-constants@^1.0.0
535 silly packumentCache full:https://registry.npmjs.org/fs-constants cache-miss
536 silly fetch manifest readable-stream@^3.1.1
537 silly packumentCache full:https://registry.npmjs.org/readable-stream cache-miss
538 http fetch GET 200 https://registry.npmjs.org/fs-constants 419ms (cache revalidated)
539 silly packumentCache full:https://registry.npmjs.org/fs-constants set size:3522 disposed:false
540 http fetch GET 200 https://registry.npmjs.org/bl 432ms (cache revalidated)
541 silly packumentCache full:https://registry.npmjs.org/bl set size:199280 disposed:false
542 http fetch GET 200 https://registry.npmjs.org/readable-stream 637ms (cache revalidated)
543 silly packumentCache full:https://registry.npmjs.org/readable-stream set size:261096 disposed:false
544 silly placeDep ROOT bl@4.1.0 OK for: tar-stream@2.2.0 want: ^4.0.3
545 silly placeDep ROOT fs-constants@1.0.0 OK for: tar-stream@2.2.0 want: ^1.0.0
546 silly placeDep ROOT readable-stream@3.6.2 OK for: tar-stream@2.2.0 want: ^3.1.1
547 silly fetch manifest buffer@^5.5.0
548 silly packumentCache full:https://registry.npmjs.org/buffer cache-miss
549 silly fetch manifest readable-stream@^3.4.0
550 silly packumentCache full:https://registry.npmjs.org/readable-stream cache-hit
551 silly fetch manifest string_decoder@^1.1.1
552 silly packumentCache full:https://registry.npmjs.org/string_decoder cache-miss
553 silly fetch manifest util-deprecate@^1.0.1
554 silly packumentCache full:https://registry.npmjs.org/util-deprecate cache-miss
555 http fetch GET 200 https://registry.npmjs.org/buffer 548ms (cache revalidated)
556 silly packumentCache full:https://registry.npmjs.org/buffer set size:280480 disposed:false
557 http fetch GET 200 https://registry.npmjs.org/util-deprecate 579ms (cache revalidated)
558 silly packumentCache full:https://registry.npmjs.org/util-deprecate set size:6674 disposed:false
559 http fetch GET 200 https://registry.npmjs.org/string_decoder 588ms (cache revalidated)
560 silly packumentCache full:https://registry.npmjs.org/string_decoder set size:28441 disposed:false
561 silly placeDep ROOT buffer@5.7.1 OK for: bl@4.1.0 want: ^5.5.0
562 silly fetch manifest base64-js@^1.3.1
563 silly packumentCache full:https://registry.npmjs.org/base64-js cache-miss
564 silly fetch manifest ieee754@^1.1.13
565 silly packumentCache full:https://registry.npmjs.org/ieee754 cache-miss
566 http fetch GET 200 https://registry.npmjs.org/base64-js 416ms (cache revalidated)
567 silly packumentCache full:https://registry.npmjs.org/base64-js set size:41270 disposed:false
568 http fetch GET 200 https://registry.npmjs.org/ieee754 431ms (cache revalidated)
569 silly packumentCache full:https://registry.npmjs.org/ieee754 set size:34910 disposed:false
570 silly placeDep ROOT base64-js@1.5.1 OK for: buffer@5.7.1 want: ^1.3.1
571 silly placeDep ROOT ieee754@1.2.1 OK for: buffer@5.7.1 want: ^1.1.13
572 silly placeDep ROOT string_decoder@1.3.0 OK for: readable-stream@3.6.2 want: ^1.1.1
573 silly placeDep ROOT util-deprecate@1.0.2 OK for: readable-stream@3.6.2 want: ^1.0.1
574 silly placeDep ROOT media-typer@0.3.0 OK for: type-is@1.6.18 want: 0.3.0
575 warn EBADENGINE Unsupported engine {
575 warn EBADENGINE   package: 'devclin-wa-standalone@2.0.0',
575 warn EBADENGINE   required: { node: '20.11.0' },
575 warn EBADENGINE   current: { node: 'v26.1.0', npm: '11.15.0' }
575 warn EBADENGINE }
576 silly reify moves {}
577 silly audit bulk request {
577 silly audit   'better-sqlite3': [ '9.6.0' ],
577 silly audit   dotenv: [ '16.6.1' ],
577 silly audit   express: [ '4.22.2' ],
577 silly audit   bindings: [ '1.5.0' ],
577 silly audit   'prebuild-install': [ '7.1.3' ],
577 silly audit   'file-uri-to-path': [ '1.0.0' ],
577 silly audit   accepts: [ '1.3.8' ],
577 silly audit   'array-flatten': [ '1.1.1' ],
577 silly audit   'body-parser': [ '1.20.5' ],
577 silly audit   'content-disposition': [ '0.5.4' ],
577 silly audit   'content-type': [ '1.0.5' ],
577 silly audit   cookie: [ '0.7.2' ],
577 silly audit   'cookie-signature': [ '1.0.7' ],
577 silly audit   debug: [ '2.6.9' ],
577 silly audit   depd: [ '2.0.0' ],
577 silly audit   encodeurl: [ '2.0.0' ],
577 silly audit   'escape-html': [ '1.0.3' ],
577 silly audit   etag: [ '1.8.1' ],
577 silly audit   finalhandler: [ '1.3.2' ],
577 silly audit   fresh: [ '0.5.2' ],
577 silly audit   'http-errors': [ '2.0.1' ],
577 silly audit   'merge-descriptors': [ '1.0.3' ],
577 silly audit   methods: [ '1.1.2' ],
577 silly audit   'on-finished': [ '2.4.1' ],
577 silly audit   parseurl: [ '1.3.3' ],
577 silly audit   'path-to-regexp': [ '0.1.13' ],
577 silly audit   'proxy-addr': [ '2.0.7' ],
577 silly audit   qs: [ '6.15.2' ],
577 silly audit   'range-parser': [ '1.2.1' ],
577 silly audit   'safe-buffer': [ '5.2.1' ],
577 silly audit   send: [ '0.19.2' ],
577 silly audit   'serve-static': [ '1.16.3' ],
577 silly audit   setprototypeof: [ '1.2.0' ],
577 silly audit   statuses: [ '2.0.2' ],
577 silly audit   'type-is': [ '1.6.18' ],
577 silly audit   'utils-merge': [ '1.0.1' ],
577 silly audit   vary: [ '1.1.2' ],
577 silly audit   'mime-types': [ '2.1.35' ],
577 silly audit   negotiator: [ '0.6.3' ],
577 silly audit   bytes: [ '3.1.2' ],
577 silly audit   destroy: [ '1.2.0' ],
577 silly audit   'iconv-lite': [ '0.4.24' ],
577 silly audit   'raw-body': [ '2.5.3' ],
577 silly audit   unpipe: [ '1.0.0' ],
577 silly audit   ms: [ '2.0.0', '2.1.3' ],
577 silly audit   inherits: [ '2.0.4' ],
577 silly audit   toidentifier: [ '1.0.1' ],
577 silly audit   'safer-buffer': [ '2.1.2' ],
577 silly audit   'mime-db': [ '1.52.0' ],
577 silly audit   'ee-first': [ '1.1.1' ],
577 silly audit   'detect-libc': [ '2.1.2' ],
577 silly audit   'expand-template': [ '2.0.3' ],
577 silly audit   'github-from-package': [ '0.0.0' ],
577 silly audit   minimist: [ '1.2.8' ],
577 silly audit   'mkdirp-classic': [ '0.5.3' ],
577 silly audit   'napi-build-utils': [ '2.0.0' ],
577 silly audit   'node-abi': [ '3.92.0' ],
577 silly audit   pump: [ '3.0.4' ],
577 silly audit   rc: [ '1.2.8' ],
577 silly audit   'simple-get': [ '4.0.1' ],
577 silly audit   'tar-fs': [ '2.1.4' ],
577 silly audit   'tunnel-agent': [ '0.6.0' ],
577 silly audit   semver: [ '7.8.1' ],
577 silly audit   forwarded: [ '0.2.0' ],
577 silly audit   'ipaddr.js': [ '1.9.1' ],
577 silly audit   'end-of-stream': [ '1.4.5' ],
577 silly audit   once: [ '1.4.0' ],
577 silly audit   wrappy: [ '1.0.2' ],
577 silly audit   'side-channel': [ '1.1.0' ],
577 silly audit   'deep-extend': [ '0.6.0' ],
577 silly audit   ini: [ '1.3.8' ],
577 silly audit   'strip-json-comments': [ '2.0.1' ],
577 silly audit   mime: [ '1.6.0' ],
577 silly audit   'es-errors': [ '1.3.0' ],
577 silly audit   'object-inspect': [ '1.13.4' ],
577 silly audit   'side-channel-list': [ '1.0.1' ],
577 silly audit   'side-channel-map': [ '1.0.1' ],
577 silly audit   'side-channel-weakmap': [ '1.0.2' ],
577 silly audit   'call-bound': [ '1.0.4' ],
577 silly audit   'get-intrinsic': [ '1.3.0' ],
577 silly audit   'call-bind-apply-helpers': [ '1.0.2' ],
577 silly audit   'function-bind': [ '1.1.2' ],
577 silly audit   'es-define-property': [ '1.0.1' ],
577 silly audit   'es-object-atoms': [ '1.1.2' ],
577 silly audit   'get-proto': [ '1.0.1' ],
577 silly audit   gopd: [ '1.2.0' ],
577 silly audit   'has-symbols': [ '1.1.0' ],
577 silly audit   hasown: [ '2.0.3' ],
577 silly audit   'math-intrinsics': [ '1.1.0' ],
577 silly audit   'dunder-proto': [ '1.0.1' ],
577 silly audit   'decompress-response': [ '6.0.0' ],
577 silly audit   'simple-concat': [ '1.0.1' ],
577 silly audit   'mimic-response': [ '3.1.0' ],
577 silly audit   chownr: [ '1.1.4' ],
577 silly audit   'tar-stream': [ '2.2.0' ],
577 silly audit   bl: [ '4.1.0' ],
577 silly audit   'fs-constants': [ '1.0.0' ],
577 silly audit   'readable-stream': [ '3.6.2' ],
577 silly audit   buffer: [ '5.7.1' ],
577 silly audit   'base64-js': [ '1.5.1' ],
577 silly audit   ieee754: [ '1.2.1' ],
577 silly audit   string_decoder: [ '1.3.0' ],
577 silly audit   'util-deprecate': [ '1.0.2' ],
577 silly audit   'media-typer': [ '0.3.0' ]
577 silly audit }
578 http cache util-deprecate@https://registry.npmjs.org/util-deprecate/-/util-deprecate-1.0.2.tgz 0ms (cache hit)
579 http cache media-typer@https://registry.npmjs.org/media-typer/-/media-typer-0.3.0.tgz 0ms (cache hit)
580 http cache string_decoder@https://registry.npmjs.org/string_decoder/-/string_decoder-1.3.0.tgz 0ms (cache hit)
581 http cache ieee754@https://registry.npmjs.org/ieee754/-/ieee754-1.2.1.tgz 0ms (cache hit)
582 http cache base64-js@https://registry.npmjs.org/base64-js/-/base64-js-1.5.1.tgz 1ms (cache hit)
583 http cache buffer@https://registry.npmjs.org/buffer/-/buffer-5.7.1.tgz 0ms (cache hit)
584 http cache readable-stream@https://registry.npmjs.org/readable-stream/-/readable-stream-3.6.2.tgz 0ms (cache hit)
585 http cache fs-constants@https://registry.npmjs.org/fs-constants/-/fs-constants-1.0.0.tgz 0ms (cache hit)
586 http cache bl@https://registry.npmjs.org/bl/-/bl-4.1.0.tgz 1ms (cache hit)
587 http cache tar-stream@https://registry.npmjs.org/tar-stream/-/tar-stream-2.2.0.tgz 0ms (cache hit)
588 http cache chownr@https://registry.npmjs.org/chownr/-/chownr-1.1.4.tgz 0ms (cache hit)
589 http cache mimic-response@https://registry.npmjs.org/mimic-response/-/mimic-response-3.1.0.tgz 0ms (cache hit)
590 http cache dunder-proto@https://registry.npmjs.org/dunder-proto/-/dunder-proto-1.0.1.tgz 1ms (cache hit)
591 http cache decompress-response@https://registry.npmjs.org/decompress-response/-/decompress-response-6.0.0.tgz 0ms (cache hit)
592 http cache simple-concat@https://registry.npmjs.org/simple-concat/-/simple-concat-1.0.1.tgz 0ms (cache hit)
593 http cache math-intrinsics@https://registry.npmjs.org/math-intrinsics/-/math-intrinsics-1.1.0.tgz 0ms (cache hit)
594 http cache hasown@https://registry.npmjs.org/hasown/-/hasown-2.0.3.tgz 0ms (cache hit)
595 http cache has-symbols@https://registry.npmjs.org/has-symbols/-/has-symbols-1.1.0.tgz 0ms (cache hit)
596 http cache gopd@https://registry.npmjs.org/gopd/-/gopd-1.2.0.tgz 0ms (cache hit)
597 http cache get-proto@https://registry.npmjs.org/get-proto/-/get-proto-1.0.1.tgz 0ms (cache hit)
598 http cache es-define-property@https://registry.npmjs.org/es-define-property/-/es-define-property-1.0.1.tgz 0ms (cache hit)
599 http cache es-object-atoms@https://registry.npmjs.org/es-object-atoms/-/es-object-atoms-1.1.2.tgz 0ms (cache hit)
600 http cache function-bind@https://registry.npmjs.org/function-bind/-/function-bind-1.1.2.tgz 0ms (cache hit)
601 http cache call-bind-apply-helpers@https://registry.npmjs.org/call-bind-apply-helpers/-/call-bind-apply-helpers-1.0.2.tgz 0ms (cache hit)
602 http cache get-intrinsic@https://registry.npmjs.org/get-intrinsic/-/get-intrinsic-1.3.0.tgz 0ms (cache hit)
603 http cache side-channel-map@https://registry.npmjs.org/side-channel-map/-/side-channel-map-1.0.1.tgz 0ms (cache hit)
604 http cache side-channel-weakmap@https://registry.npmjs.org/side-channel-weakmap/-/side-channel-weakmap-1.0.2.tgz 0ms (cache hit)
605 http cache side-channel-list@https://registry.npmjs.org/side-channel-list/-/side-channel-list-1.0.1.tgz 0ms (cache hit)
606 http cache object-inspect@https://registry.npmjs.org/object-inspect/-/object-inspect-1.13.4.tgz 0ms (cache hit)
607 http cache es-errors@https://registry.npmjs.org/es-errors/-/es-errors-1.3.0.tgz 0ms (cache hit)
608 http cache mime@https://registry.npmjs.org/mime/-/mime-1.6.0.tgz 0ms (cache hit)
609 http cache call-bound@https://registry.npmjs.org/call-bound/-/call-bound-1.0.4.tgz 0ms (cache hit)
610 http cache ini@https://registry.npmjs.org/ini/-/ini-1.3.8.tgz 0ms (cache hit)
611 http cache strip-json-comments@https://registry.npmjs.org/strip-json-comments/-/strip-json-comments-2.0.1.tgz 0ms (cache hit)
612 http cache deep-extend@https://registry.npmjs.org/deep-extend/-/deep-extend-0.6.0.tgz 0ms (cache hit)
613 http cache side-channel@https://registry.npmjs.org/side-channel/-/side-channel-1.1.0.tgz 0ms (cache hit)
614 http cache wrappy@https://registry.npmjs.org/wrappy/-/wrappy-1.0.2.tgz 0ms (cache hit)
615 http cache once@https://registry.npmjs.org/once/-/once-1.4.0.tgz 0ms (cache hit)
616 http cache end-of-stream@https://registry.npmjs.org/end-of-stream/-/end-of-stream-1.4.5.tgz 0ms (cache hit)
617 http cache ipaddr.js@https://registry.npmjs.org/ipaddr.js/-/ipaddr.js-1.9.1.tgz 0ms (cache hit)
618 http cache forwarded@https://registry.npmjs.org/forwarded/-/forwarded-0.2.0.tgz 0ms (cache hit)
619 http cache semver@https://registry.npmjs.org/semver/-/semver-7.8.1.tgz 0ms (cache hit)
620 http cache tunnel-agent@https://registry.npmjs.org/tunnel-agent/-/tunnel-agent-0.6.0.tgz 0ms (cache hit)
621 http cache tar-fs@https://registry.npmjs.org/tar-fs/-/tar-fs-2.1.4.tgz 0ms (cache hit)
622 http cache simple-get@https://registry.npmjs.org/simple-get/-/simple-get-4.0.1.tgz 0ms (cache hit)
623 http cache rc@https://registry.npmjs.org/rc/-/rc-1.2.8.tgz 0ms (cache hit)
624 http cache pump@https://registry.npmjs.org/pump/-/pump-3.0.4.tgz 0ms (cache hit)
625 http cache node-abi@https://registry.npmjs.org/node-abi/-/node-abi-3.92.0.tgz 0ms (cache hit)
626 http cache napi-build-utils@https://registry.npmjs.org/napi-build-utils/-/napi-build-utils-2.0.0.tgz 0ms (cache hit)
627 http cache mkdirp-classic@https://registry.npmjs.org/mkdirp-classic/-/mkdirp-classic-0.5.3.tgz 0ms (cache hit)
628 http cache minimist@https://registry.npmjs.org/minimist/-/minimist-1.2.8.tgz 0ms (cache hit)
629 http cache github-from-package@https://registry.npmjs.org/github-from-package/-/github-from-package-0.0.0.tgz 0ms (cache hit)
630 http cache expand-template@https://registry.npmjs.org/expand-template/-/expand-template-2.0.3.tgz 0ms (cache hit)
631 http cache detect-libc@https://registry.npmjs.org/detect-libc/-/detect-libc-2.1.2.tgz 0ms (cache hit)
632 http cache ee-first@https://registry.npmjs.org/ee-first/-/ee-first-1.1.1.tgz 0ms (cache hit)
633 http cache mime-db@https://registry.npmjs.org/mime-db/-/mime-db-1.52.0.tgz 0ms (cache hit)
634 http cache safer-buffer@https://registry.npmjs.org/safer-buffer/-/safer-buffer-2.1.2.tgz 0ms (cache hit)
635 http cache toidentifier@https://registry.npmjs.org/toidentifier/-/toidentifier-1.0.1.tgz 0ms (cache hit)
636 http cache inherits@https://registry.npmjs.org/inherits/-/inherits-2.0.4.tgz 0ms (cache hit)
637 http cache ms@https://registry.npmjs.org/ms/-/ms-2.0.0.tgz 0ms (cache hit)
638 http cache unpipe@https://registry.npmjs.org/unpipe/-/unpipe-1.0.0.tgz 0ms (cache hit)
639 http cache raw-body@https://registry.npmjs.org/raw-body/-/raw-body-2.5.3.tgz 0ms (cache hit)
640 http cache iconv-lite@https://registry.npmjs.org/iconv-lite/-/iconv-lite-0.4.24.tgz 0ms (cache hit)
641 http cache destroy@https://registry.npmjs.org/destroy/-/destroy-1.2.0.tgz 0ms (cache hit)
642 http cache bytes@https://registry.npmjs.org/bytes/-/bytes-3.1.2.tgz 1ms (cache hit)
643 http cache negotiator@https://registry.npmjs.org/negotiator/-/negotiator-0.6.3.tgz 0ms (cache hit)
644 http cache mime-types@https://registry.npmjs.org/mime-types/-/mime-types-2.1.35.tgz 0ms (cache hit)
645 http cache vary@https://registry.npmjs.org/vary/-/vary-1.1.2.tgz 0ms (cache hit)
646 http cache utils-merge@https://registry.npmjs.org/utils-merge/-/utils-merge-1.0.1.tgz 0ms (cache hit)
647 http cache type-is@https://registry.npmjs.org/type-is/-/type-is-1.6.18.tgz 0ms (cache hit)
648 http cache statuses@https://registry.npmjs.org/statuses/-/statuses-2.0.2.tgz 0ms (cache hit)
649 http cache setprototypeof@https://registry.npmjs.org/setprototypeof/-/setprototypeof-1.2.0.tgz 0ms (cache hit)
650 http cache serve-static@https://registry.npmjs.org/serve-static/-/serve-static-1.16.3.tgz 0ms (cache hit)
651 http cache send@https://registry.npmjs.org/send/-/send-0.19.2.tgz 0ms (cache hit)
652 http cache safe-buffer@https://registry.npmjs.org/safe-buffer/-/safe-buffer-5.2.1.tgz 0ms (cache hit)
653 http cache range-parser@https://registry.npmjs.org/range-parser/-/range-parser-1.2.1.tgz 0ms (cache hit)
654 http cache qs@https://registry.npmjs.org/qs/-/qs-6.15.2.tgz 0ms (cache hit)
655 http cache proxy-addr@https://registry.npmjs.org/proxy-addr/-/proxy-addr-2.0.7.tgz 0ms (cache hit)
656 http cache path-to-regexp@https://registry.npmjs.org/path-to-regexp/-/path-to-regexp-0.1.13.tgz 0ms (cache hit)
657 http cache parseurl@https://registry.npmjs.org/parseurl/-/parseurl-1.3.3.tgz 0ms (cache hit)
658 http cache on-finished@https://registry.npmjs.org/on-finished/-/on-finished-2.4.1.tgz 0ms (cache hit)
659 http cache methods@https://registry.npmjs.org/methods/-/methods-1.1.2.tgz 0ms (cache hit)
660 http cache merge-descriptors@https://registry.npmjs.org/merge-descriptors/-/merge-descriptors-1.0.3.tgz 0ms (cache hit)
661 http cache http-errors@https://registry.npmjs.org/http-errors/-/http-errors-2.0.1.tgz 0ms (cache hit)
662 http cache fresh@https://registry.npmjs.org/fresh/-/fresh-0.5.2.tgz 0ms (cache hit)
663 http cache finalhandler@https://registry.npmjs.org/finalhandler/-/finalhandler-1.3.2.tgz 0ms (cache hit)
664 http cache etag@https://registry.npmjs.org/etag/-/etag-1.8.1.tgz 0ms (cache hit)
665 http cache escape-html@https://registry.npmjs.org/escape-html/-/escape-html-1.0.3.tgz 0ms (cache hit)
666 http cache encodeurl@https://registry.npmjs.org/encodeurl/-/encodeurl-2.0.0.tgz 0ms (cache hit)
667 http cache depd@https://registry.npmjs.org/depd/-/depd-2.0.0.tgz 1ms (cache hit)
668 http cache cookie-signature@https://registry.npmjs.org/cookie-signature/-/cookie-signature-1.0.7.tgz 0ms (cache hit)
669 http cache debug@https://registry.npmjs.org/debug/-/debug-2.6.9.tgz 1ms (cache hit)
670 http cache cookie@https://registry.npmjs.org/cookie/-/cookie-0.7.2.tgz 0ms (cache hit)
671 http cache content-type@https://registry.npmjs.org/content-type/-/content-type-1.0.5.tgz 1ms (cache hit)
672 http cache content-disposition@https://registry.npmjs.org/content-disposition/-/content-disposition-0.5.4.tgz 0ms (cache hit)
673 http cache body-parser@https://registry.npmjs.org/body-parser/-/body-parser-1.20.5.tgz 0ms (cache hit)
674 http cache array-flatten@https://registry.npmjs.org/array-flatten/-/array-flatten-1.1.1.tgz 0ms (cache hit)
675 http cache accepts@https://registry.npmjs.org/accepts/-/accepts-1.3.8.tgz 0ms (cache hit)
676 http cache file-uri-to-path@https://registry.npmjs.org/file-uri-to-path/-/file-uri-to-path-1.0.0.tgz 0ms (cache hit)
677 http cache prebuild-install@https://registry.npmjs.org/prebuild-install/-/prebuild-install-7.1.3.tgz 0ms (cache hit)
678 http cache bindings@https://registry.npmjs.org/bindings/-/bindings-1.5.0.tgz 0ms (cache hit)
679 http cache express@https://registry.npmjs.org/express/-/express-4.22.2.tgz 0ms (cache hit)
680 http cache dotenv@https://registry.npmjs.org/dotenv/-/dotenv-16.6.1.tgz 0ms (cache hit)
681 http cache better-sqlite3@https://registry.npmjs.org/better-sqlite3/-/better-sqlite3-9.6.0.tgz 0ms (cache hit)
682 http cache ms@https://registry.npmjs.org/ms/-/ms-2.1.3.tgz 0ms (cache hit)
683 silly tarball no local data for es-object-atoms@https://registry.npmjs.org/es-object-atoms/-/es-object-atoms-1.1.2.tgz. Extracting by manifest.
684 silly tarball no local data for file-uri-to-path@https://registry.npmjs.org/file-uri-to-path/-/file-uri-to-path-1.0.0.tgz. Extracting by manifest.
685 silly tarball no local data for bindings@https://registry.npmjs.org/bindings/-/bindings-1.5.0.tgz. Extracting by manifest.
686 silly tarball no local data for better-sqlite3@https://registry.npmjs.org/better-sqlite3/-/better-sqlite3-9.6.0.tgz. Extracting by manifest.
687 http fetch POST 200 https://registry.npmjs.org/-/npm/v1/security/advisories/bulk 1454ms
688 silly audit report {}
689 http fetch GET 200 https://registry.npmjs.org/file-uri-to-path/-/file-uri-to-path-1.0.0.tgz 1530ms (cache miss)
690 http fetch GET 200 https://registry.npmjs.org/bindings/-/bindings-1.5.0.tgz 1528ms (cache miss)
691 warn deprecated prebuild-install@7.1.3: No longer maintained. Please contact the author of the relevant native addon; alternatives are available.
692 http fetch GET 200 https://registry.npmjs.org/es-object-atoms/-/es-object-atoms-1.1.2.tgz 1668ms (cache miss)
693 http fetch GET 200 https://registry.npmjs.org/better-sqlite3/-/better-sqlite3-9.6.0.tgz 6633ms (cache miss)
694 info run better-sqlite3@9.6.0 install node_modules/better-sqlite3 prebuild-install || node-gyp rebuild --release
695 info run better-sqlite3@9.6.0 install { code: 1, signal: null }
696 verbose stack Error: command failed
696 verbose stack     at promiseSpawn (/data/data/com.termux/files/usr/lib/node_modules/npm/node_modules/@npmcli/promise-spawn/lib/index.js:22:22)
696 verbose stack     at spawnWithShell (/data/data/com.termux/files/usr/lib/node_modules/npm/node_modules/@npmcli/promise-spawn/lib/index.js:124:10)
696 verbose stack     at promiseSpawn (/data/data/com.termux/files/usr/lib/node_modules/npm/node_modules/@npmcli/promise-spawn/lib/index.js:12:12)
696 verbose stack     at runScriptPkg (/data/data/com.termux/files/usr/lib/node_modules/npm/node_modules/@npmcli/run-script/lib/run-script-pkg.js:79:13)
696 verbose stack     at runScript (/data/data/com.termux/files/usr/lib/node_modules/npm/node_modules/@npmcli/run-script/lib/run-script.js:9:12)
696 verbose stack     at /data/data/com.termux/files/usr/lib/node_modules/npm/node_modules/@npmcli/arborist/lib/arborist/rebuild.js:328:17
696 verbose stack     at run (/data/data/com.termux/files/usr/lib/node_modules/npm/node_modules/promise-call-limit/dist/commonjs/index.js:67:22)
696 verbose stack     at /data/data/com.termux/files/usr/lib/node_modules/npm/node_modules/promise-call-limit/dist/commonjs/index.js:84:9
696 verbose stack     at new Promise (<anonymous>)
696 verbose stack     at callLimit (/data/data/com.termux/files/usr/lib/node_modules/npm/node_modules/promise-call-limit/dist/commonjs/index.js:35:69)
697 verbose pkgid better-sqlite3@9.6.0
698 error code 1
699 error path /data/data/com.termux/files/home/devclin-wa-standalone/node_modules/better-sqlite3
700 error command failed
701 error command sh -c prebuild-install || node-gyp rebuild --release
702 error prebuild-install warn install No prebuilt binaries found (target=26.1.0 runtime=node arch=arm64 libc= platform=android)
702 error gyp info it worked if it ends with ok
702 error gyp info using node-gyp@12.3.0
702 error gyp info using node@26.1.0 | android | arm64
702 error gyp info find Python using Python version 3.13.13 found at "/data/data/com.termux/files/usr/bin/python3"
702 error gyp http GET https://nodejs.org/download/release/v26.1.0/node-v26.1.0-headers.tar.gz
702 error gyp http 200 https://nodejs.org/download/release/v26.1.0/node-v26.1.0-headers.tar.gz
702 error gyp http GET https://nodejs.org/download/release/v26.1.0/SHASUMS256.txt
702 error gyp http 200 https://nodejs.org/download/release/v26.1.0/SHASUMS256.txt
702 error gyp info spawn /data/data/com.termux/files/usr/bin/python3
702 error gyp info spawn args [
702 error gyp info spawn args '/data/data/com.termux/files/usr/lib/node_modules/npm/node_modules/node-gyp/gyp/gyp_main.py',
702 error gyp info spawn args 'binding.gyp',
702 error gyp info spawn args '-f',
702 error gyp info spawn args 'make',
702 error gyp info spawn args '-I',
702 error gyp info spawn args '/data/data/com.termux/files/home/devclin-wa-standalone/node_modules/better-sqlite3/build/config.gypi',
702 error gyp info spawn args '-I',
702 error gyp info spawn args '/data/data/com.termux/files/usr/lib/node_modules/npm/node_modules/node-gyp/addon.gypi',
702 error gyp info spawn args '-I',
702 error gyp info spawn args '/data/data/com.termux/files/home/.cache/node-gyp/26.1.0/include/node/common.gypi',
702 error gyp info spawn args '-Dlibrary=shared_library',
702 error gyp info spawn args '-Dvisibility=default',
702 error gyp info spawn args '-Dnode_root_dir=/data/data/com.termux/files/home/.cache/node-gyp/26.1.0',
702 error gyp info spawn args '-Dnode_gyp_dir=/data/data/com.termux/files/usr/lib/node_modules/npm/node_modules/node-gyp',
702 error gyp info spawn args '-Dnode_lib_file=/data/data/com.termux/files/home/.cache/node-gyp/26.1.0/<(target_arch)/node.lib',
702 error gyp info spawn args '-Dmodule_root_dir=/data/data/com.termux/files/home/devclin-wa-standalone/node_modules/better-sqlite3',
702 error gyp info spawn args '-Dnode_engine=v8',
702 error gyp info spawn args '--depth=.',
702 error gyp info spawn args '--no-parallel',
702 error gyp info spawn args '--generator-output',
702 error gyp info spawn args 'build',
702 error gyp info spawn args '-Goutput_dir=.'
702 error gyp info spawn args ]
702 error gyp: Undefined variable android_ndk_path in binding.gyp while trying to load binding.gyp
702 error gyp ERR! configure error 
702 error gyp ERR! stack Error: `gyp` failed with exit code: 1
702 error gyp ERR! stack at ChildProcess.<anonymous> (/data/data/com.termux/files/usr/lib/node_modules/npm/node_modules/node-gyp/lib/configure.js:317:18)
702 error gyp ERR! stack at ChildProcess.emit (node:events:509:20)
702 error gyp ERR! stack at ChildProcess._handle.onexit (node:internal/child_process:294:12)
702 error gyp ERR! System Linux 4.19.111-27127798
702 error gyp ERR! command "/data/data/com.termux/files/usr/bin/node" "/data/data/com.termux/files/usr/lib/node_modules/npm/node_modules/node-gyp/bin/node-gyp.js" "rebuild" "--release"
702 error gyp ERR! cwd /data/data/com.termux/files/home/devclin-wa-standalone/node_modules/better-sqlite3
702 error gyp ERR! node -v v26.1.0
702 error gyp ERR! node-gyp -v v12.3.0
702 error gyp ERR! $npm_package_name better-sqlite3
702 error gyp ERR! $npm_package_version 9.6.0
702 error gyp ERR! not ok
703 silly unfinished npm timer reify 1779681650462
704 silly unfinished npm timer reify:build 1779681678006
705 silly unfinished npm timer build 1779681678008
706 silly unfinished npm timer build:deps 1779681678010
707 silly unfinished npm timer build:run:install 1779681678076
708 silly unfinished npm timer build:run:install:node_modules/better-sqlite3 1779681678078
709 verbose cwd /data/data/com.termux/files/home/devclin-wa-standalone
710 verbose os Linux 4.19.111-27127798
711 verbose node v26.1.0
712 verbose npm  v11.15.0
713 verbose exit 1
714 verbose code 1
715 error A complete log of this run can be found in: /data/data/com.termux/files/home/.npm/_logs/2026-05-25T04_00_45_272Z-debug-0.log
